ERROR - 2025-07-30 13:18:24 --> Error connecting to the database: mysqli_sql_exception: Unknown database 'db_gis_rumah' in C:\xampp\htdocs\gis_adil\gis-perumahan-ci4-adil\gis-perumahan-ci4-adil\system\Database\MySQLi\Connection.php:201
Stack trace:
#0 C:\xampp\htdocs\gis_adil\gis-perumahan-ci4-adil\gis-perumahan-ci4-adil\system\Database\MySQLi\Connection.php(201): mysqli->real_connect('localhost', 'root', Object(SensitiveParameterValue), 'db_gis_rumah', 3306, '', 0)
#1 C:\xampp\htdocs\gis_adil\gis-perumahan-ci4-adil\gis-perumahan-ci4-adil\system\Database\BaseConnection.php(421): CodeIgniter\Database\MySQLi\Connection->connect(false)
#2 C:\xampp\htdocs\gis_adil\gis-perumahan-ci4-adil\gis-perumahan-ci4-adil\system\Database\BaseConnection.php(620): CodeIgniter\Database\BaseConnection->initialize()
#3 C:\xampp\htdocs\gis_adil\gis-perumahan-ci4-adil\gis-perumahan-ci4-adil\system\Database\BaseBuilder.php(1649): CodeIgniter\Database\BaseConnection->query('SELECT *\nFROM `...', Array, false)
#4 C:\xampp\htdocs\gis_adil\gis-perumahan-ci4-adil\gis-perumahan-ci4-adil\app\Models\ModelSetting.php(13): CodeIgniter\Database\BaseBuilder->get()
#5 C:\xampp\htdocs\gis_adil\gis-perumahan-ci4-adil\gis-perumahan-ci4-adil\app\Controllers\Home.php(30): App\Models\ModelSetting->DataWeb()
#6 C:\xampp\htdocs\gis_adil\gis-perumahan-ci4-adil\gis-perumahan-ci4-adil\system\CodeIgniter.php(933): App\Controllers\Home->index()
#7 C:\xampp\htdocs\gis_adil\gis-perumahan-ci4-adil\gis-perumahan-ci4-adil\system\CodeIgniter.php(507): CodeIgniter\CodeIgniter->runController(Object(App\Controllers\Home))
#8 C:\xampp\htdocs\gis_adil\gis-perumahan-ci4-adil\gis-perumahan-ci4-adil\system\CodeIgniter.php(354): CodeIgniter\CodeIgniter->handleRequest(NULL, Object(Config\Cache), false)
#9 C:\xampp\htdocs\gis_adil\gis-perumahan-ci4-adil\gis-perumahan-ci4-adil\system\Boot.php(334): CodeIgniter\CodeIgniter->run()
#10 C:\xampp\htdocs\gis_adil\gis-perumahan-ci4-adil\gis-perumahan-ci4-adil\system\Boot.php(67): CodeIgniter\Boot::runCodeIgniter(Object(CodeIgniter\CodeIgniter))
#11 C:\xampp\htdocs\gis_adil\gis-perumahan-ci4-adil\gis-perumahan-ci4-adil\public\index.php(56): CodeIgniter\Boot::bootWeb(Object(Config\Paths))
#12 {main}

Next CodeIgniter\Database\Exceptions\DatabaseException: Unknown database 'db_gis_rumah' in C:\xampp\htdocs\gis_adil\gis-perumahan-ci4-adil\gis-perumahan-ci4-adil\system\Database\MySQLi\Connection.php:246
Stack trace:
#0 C:\xampp\htdocs\gis_adil\gis-perumahan-ci4-adil\gis-perumahan-ci4-adil\system\Database\BaseConnection.php(421): CodeIgniter\Database\MySQLi\Connection->connect(false)
#1 C:\xampp\htdocs\gis_adil\gis-perumahan-ci4-adil\gis-perumahan-ci4-adil\system\Database\BaseConnection.php(620): CodeIgniter\Database\BaseConnection->initialize()
#2 C:\xampp\htdocs\gis_adil\gis-perumahan-ci4-adil\gis-perumahan-ci4-adil\system\Database\BaseBuilder.php(1649): CodeIgniter\Database\BaseConnection->query('SELECT *\nFROM `...', Array, false)
#3 C:\xampp\htdocs\gis_adil\gis-perumahan-ci4-adil\gis-perumahan-ci4-adil\app\Models\ModelSetting.php(13): CodeIgniter\Database\BaseBuilder->get()
#4 C:\xampp\htdocs\gis_adil\gis-perumahan-ci4-adil\gis-perumahan-ci4-adil\app\Controllers\Home.php(30): App\Models\ModelSetting->DataWeb()
#5 C:\xampp\htdocs\gis_adil\gis-perumahan-ci4-adil\gis-perumahan-ci4-adil\system\CodeIgniter.php(933): App\Controllers\Home->index()
#6 C:\xampp\htdocs\gis_adil\gis-perumahan-ci4-adil\gis-perumahan-ci4-adil\system\CodeIgniter.php(507): CodeIgniter\CodeIgniter->runController(Object(App\Controllers\Home))
#7 C:\xampp\htdocs\gis_adil\gis-perumahan-ci4-adil\gis-perumahan-ci4-adil\system\CodeIgniter.php(354): CodeIgniter\CodeIgniter->handleRequest(NULL, Object(Config\Cache), false)
#8 C:\xampp\htdocs\gis_adil\gis-perumahan-ci4-adil\gis-perumahan-ci4-adil\system\Boot.php(334): CodeIgniter\CodeIgniter->run()
#9 C:\xampp\htdocs\gis_adil\gis-perumahan-ci4-adil\gis-perumahan-ci4-adil\system\Boot.php(67): CodeIgniter\Boot::runCodeIgniter(Object(CodeIgniter\CodeIgniter))
#10 C:\xampp\htdocs\gis_adil\gis-perumahan-ci4-adil\gis-perumahan-ci4-adil\public\index.php(56): CodeIgniter\Boot::bootWeb(Object(Config\Paths))
#11 {main}
CRITICAL - 2025-07-30 13:18:24 --> CodeIgniter\Database\Exceptions\DatabaseException: Unable to connect to the database.
Main connection [MySQLi]: Unknown database 'db_gis_rumah'
[Method: GET, Route: /]
in SYSTEMPATH\Database\BaseConnection.php on line 467.
 1 SYSTEMPATH\Database\BaseConnection.php(620): CodeIgniter\Database\BaseConnection->initialize()
 2 SYSTEMPATH\Database\BaseBuilder.php(1649): CodeIgniter\Database\BaseConnection->query('SELECT *
FROM `tbl_setting`
WHERE `id` = :id:', [...], false)
 3 APPPATH\Models\ModelSetting.php(13): CodeIgniter\Database\BaseBuilder->get()
 4 APPPATH\Controllers\Home.php(30): App\Models\ModelSetting->DataWeb()
 5 SYSTEMPATH\CodeIgniter.php(933): App\Controllers\Home->index()
 6 SYSTEMPATH\CodeIgniter.php(507): CodeIgniter\CodeIgniter->runController(Object(App\Controllers\Home))
 7 SYSTEMPATH\CodeIgniter.php(354): CodeIgniter\CodeIgniter->handleRequest(null, Object(Config\Cache), false)
 8 SYSTEMPATH\Boot.php(334): CodeIgniter\CodeIgniter->run()
 9 SYSTEMPATH\Boot.php(67): CodeIgniter\Boot::runCodeIgniter(Object(CodeIgniter\CodeIgniter))
10 FCPATH\index.php(56): CodeIgniter\Boot::bootWeb(Object(Config\Paths))
ERROR - 2025-07-30 13:27:23 --> Error connecting to the database: mysqli_sql_exception: Unknown database 'db_gis_rumah' in C:\xampp\htdocs\gis_adil\gis-perumahan-ci4-adil\gis-perumahan-ci4-adil\system\Database\MySQLi\Connection.php:201
Stack trace:
#0 C:\xampp\htdocs\gis_adil\gis-perumahan-ci4-adil\gis-perumahan-ci4-adil\system\Database\MySQLi\Connection.php(201): mysqli->real_connect('localhost', 'root', Object(SensitiveParameterValue), 'db_gis_rumah', 3306, '', 0)
#1 C:\xampp\htdocs\gis_adil\gis-perumahan-ci4-adil\gis-perumahan-ci4-adil\system\Database\BaseConnection.php(421): CodeIgniter\Database\MySQLi\Connection->connect(false)
#2 C:\xampp\htdocs\gis_adil\gis-perumahan-ci4-adil\gis-perumahan-ci4-adil\system\Database\BaseConnection.php(620): CodeIgniter\Database\BaseConnection->initialize()
#3 C:\xampp\htdocs\gis_adil\gis-perumahan-ci4-adil\gis-perumahan-ci4-adil\system\Database\BaseBuilder.php(1649): CodeIgniter\Database\BaseConnection->query('SELECT *\nFROM `...', Array, false)
#4 C:\xampp\htdocs\gis_adil\gis-perumahan-ci4-adil\gis-perumahan-ci4-adil\app\Models\ModelSetting.php(13): CodeIgniter\Database\BaseBuilder->get()
#5 C:\xampp\htdocs\gis_adil\gis-perumahan-ci4-adil\gis-perumahan-ci4-adil\app\Controllers\Home.php(30): App\Models\ModelSetting->DataWeb()
#6 C:\xampp\htdocs\gis_adil\gis-perumahan-ci4-adil\gis-perumahan-ci4-adil\system\CodeIgniter.php(933): App\Controllers\Home->index()
#7 C:\xampp\htdocs\gis_adil\gis-perumahan-ci4-adil\gis-perumahan-ci4-adil\system\CodeIgniter.php(507): CodeIgniter\CodeIgniter->runController(Object(App\Controllers\Home))
#8 C:\xampp\htdocs\gis_adil\gis-perumahan-ci4-adil\gis-perumahan-ci4-adil\system\CodeIgniter.php(354): CodeIgniter\CodeIgniter->handleRequest(NULL, Object(Config\Cache), false)
#9 C:\xampp\htdocs\gis_adil\gis-perumahan-ci4-adil\gis-perumahan-ci4-adil\system\Boot.php(334): CodeIgniter\CodeIgniter->run()
#10 C:\xampp\htdocs\gis_adil\gis-perumahan-ci4-adil\gis-perumahan-ci4-adil\system\Boot.php(67): CodeIgniter\Boot::runCodeIgniter(Object(CodeIgniter\CodeIgniter))
#11 C:\xampp\htdocs\gis_adil\gis-perumahan-ci4-adil\gis-perumahan-ci4-adil\public\index.php(56): CodeIgniter\Boot::bootWeb(Object(Config\Paths))
#12 {main}

Next CodeIgniter\Database\Exceptions\DatabaseException: Unknown database 'db_gis_rumah' in C:\xampp\htdocs\gis_adil\gis-perumahan-ci4-adil\gis-perumahan-ci4-adil\system\Database\MySQLi\Connection.php:246
Stack trace:
#0 C:\xampp\htdocs\gis_adil\gis-perumahan-ci4-adil\gis-perumahan-ci4-adil\system\Database\BaseConnection.php(421): CodeIgniter\Database\MySQLi\Connection->connect(false)
#1 C:\xampp\htdocs\gis_adil\gis-perumahan-ci4-adil\gis-perumahan-ci4-adil\system\Database\BaseConnection.php(620): CodeIgniter\Database\BaseConnection->initialize()
#2 C:\xampp\htdocs\gis_adil\gis-perumahan-ci4-adil\gis-perumahan-ci4-adil\system\Database\BaseBuilder.php(1649): CodeIgniter\Database\BaseConnection->query('SELECT *\nFROM `...', Array, false)
#3 C:\xampp\htdocs\gis_adil\gis-perumahan-ci4-adil\gis-perumahan-ci4-adil\app\Models\ModelSetting.php(13): CodeIgniter\Database\BaseBuilder->get()
#4 C:\xampp\htdocs\gis_adil\gis-perumahan-ci4-adil\gis-perumahan-ci4-adil\app\Controllers\Home.php(30): App\Models\ModelSetting->DataWeb()
#5 C:\xampp\htdocs\gis_adil\gis-perumahan-ci4-adil\gis-perumahan-ci4-adil\system\CodeIgniter.php(933): App\Controllers\Home->index()
#6 C:\xampp\htdocs\gis_adil\gis-perumahan-ci4-adil\gis-perumahan-ci4-adil\system\CodeIgniter.php(507): CodeIgniter\CodeIgniter->runController(Object(App\Controllers\Home))
#7 C:\xampp\htdocs\gis_adil\gis-perumahan-ci4-adil\gis-perumahan-ci4-adil\system\CodeIgniter.php(354): CodeIgniter\CodeIgniter->handleRequest(NULL, Object(Config\Cache), false)
#8 C:\xampp\htdocs\gis_adil\gis-perumahan-ci4-adil\gis-perumahan-ci4-adil\system\Boot.php(334): CodeIgniter\CodeIgniter->run()
#9 C:\xampp\htdocs\gis_adil\gis-perumahan-ci4-adil\gis-perumahan-ci4-adil\system\Boot.php(67): CodeIgniter\Boot::runCodeIgniter(Object(CodeIgniter\CodeIgniter))
#10 C:\xampp\htdocs\gis_adil\gis-perumahan-ci4-adil\gis-perumahan-ci4-adil\public\index.php(56): CodeIgniter\Boot::bootWeb(Object(Config\Paths))
#11 {main}
CRITICAL - 2025-07-30 13:27:23 --> CodeIgniter\Database\Exceptions\DatabaseException: Unable to connect to the database.
Main connection [MySQLi]: Unknown database 'db_gis_rumah'
[Method: GET, Route: /]
in SYSTEMPATH\Database\BaseConnection.php on line 467.
 1 SYSTEMPATH\Database\BaseConnection.php(620): CodeIgniter\Database\BaseConnection->initialize()
 2 SYSTEMPATH\Database\BaseBuilder.php(1649): CodeIgniter\Database\BaseConnection->query('SELECT *
FROM `tbl_setting`
WHERE `id` = :id:', [...], false)
 3 APPPATH\Models\ModelSetting.php(13): CodeIgniter\Database\BaseBuilder->get()
 4 APPPATH\Controllers\Home.php(30): App\Models\ModelSetting->DataWeb()
 5 SYSTEMPATH\CodeIgniter.php(933): App\Controllers\Home->index()
 6 SYSTEMPATH\CodeIgniter.php(507): CodeIgniter\CodeIgniter->runController(Object(App\Controllers\Home))
 7 SYSTEMPATH\CodeIgniter.php(354): CodeIgniter\CodeIgniter->handleRequest(null, Object(Config\Cache), false)
 8 SYSTEMPATH\Boot.php(334): CodeIgniter\CodeIgniter->run()
 9 SYSTEMPATH\Boot.php(67): CodeIgniter\Boot::runCodeIgniter(Object(CodeIgniter\CodeIgniter))
10 FCPATH\index.php(56): CodeIgniter\Boot::bootWeb(Object(Config\Paths))
ERROR - 2025-07-30 13:56:44 --> Error connecting to the database: mysqli_sql_exception: Unknown database 'db_gis_rumah' in C:\xampp\htdocs\gis_adil\gis-perumahan-ci4-adil\gis-perumahan-ci4-adil\system\Database\MySQLi\Connection.php:201
Stack trace:
#0 C:\xampp\htdocs\gis_adil\gis-perumahan-ci4-adil\gis-perumahan-ci4-adil\system\Database\MySQLi\Connection.php(201): mysqli->real_connect('localhost', 'root', Object(SensitiveParameterValue), 'db_gis_rumah', 3306, '', 0)
#1 C:\xampp\htdocs\gis_adil\gis-perumahan-ci4-adil\gis-perumahan-ci4-adil\system\Database\BaseConnection.php(421): CodeIgniter\Database\MySQLi\Connection->connect(false)
#2 C:\xampp\htdocs\gis_adil\gis-perumahan-ci4-adil\gis-perumahan-ci4-adil\system\Database\BaseConnection.php(620): CodeIgniter\Database\BaseConnection->initialize()
#3 C:\xampp\htdocs\gis_adil\gis-perumahan-ci4-adil\gis-perumahan-ci4-adil\system\Database\BaseBuilder.php(1649): CodeIgniter\Database\BaseConnection->query('SELECT *\nFROM `...', Array, false)
#4 C:\xampp\htdocs\gis_adil\gis-perumahan-ci4-adil\gis-perumahan-ci4-adil\app\Models\ModelSetting.php(13): CodeIgniter\Database\BaseBuilder->get()
#5 C:\xampp\htdocs\gis_adil\gis-perumahan-ci4-adil\gis-perumahan-ci4-adil\app\Controllers\Home.php(30): App\Models\ModelSetting->DataWeb()
#6 C:\xampp\htdocs\gis_adil\gis-perumahan-ci4-adil\gis-perumahan-ci4-adil\system\CodeIgniter.php(933): App\Controllers\Home->index()
#7 C:\xampp\htdocs\gis_adil\gis-perumahan-ci4-adil\gis-perumahan-ci4-adil\system\CodeIgniter.php(507): CodeIgniter\CodeIgniter->runController(Object(App\Controllers\Home))
#8 C:\xampp\htdocs\gis_adil\gis-perumahan-ci4-adil\gis-perumahan-ci4-adil\system\CodeIgniter.php(354): CodeIgniter\CodeIgniter->handleRequest(NULL, Object(Config\Cache), false)
#9 C:\xampp\htdocs\gis_adil\gis-perumahan-ci4-adil\gis-perumahan-ci4-adil\system\Boot.php(334): CodeIgniter\CodeIgniter->run()
#10 C:\xampp\htdocs\gis_adil\gis-perumahan-ci4-adil\gis-perumahan-ci4-adil\system\Boot.php(67): CodeIgniter\Boot::runCodeIgniter(Object(CodeIgniter\CodeIgniter))
#11 C:\xampp\htdocs\gis_adil\gis-perumahan-ci4-adil\gis-perumahan-ci4-adil\public\index.php(56): CodeIgniter\Boot::bootWeb(Object(Config\Paths))
#12 {main}

Next CodeIgniter\Database\Exceptions\DatabaseException: Unknown database 'db_gis_rumah' in C:\xampp\htdocs\gis_adil\gis-perumahan-ci4-adil\gis-perumahan-ci4-adil\system\Database\MySQLi\Connection.php:246
Stack trace:
#0 C:\xampp\htdocs\gis_adil\gis-perumahan-ci4-adil\gis-perumahan-ci4-adil\system\Database\BaseConnection.php(421): CodeIgniter\Database\MySQLi\Connection->connect(false)
#1 C:\xampp\htdocs\gis_adil\gis-perumahan-ci4-adil\gis-perumahan-ci4-adil\system\Database\BaseConnection.php(620): CodeIgniter\Database\BaseConnection->initialize()
#2 C:\xampp\htdocs\gis_adil\gis-perumahan-ci4-adil\gis-perumahan-ci4-adil\system\Database\BaseBuilder.php(1649): CodeIgniter\Database\BaseConnection->query('SELECT *\nFROM `...', Array, false)
#3 C:\xampp\htdocs\gis_adil\gis-perumahan-ci4-adil\gis-perumahan-ci4-adil\app\Models\ModelSetting.php(13): CodeIgniter\Database\BaseBuilder->get()
#4 C:\xampp\htdocs\gis_adil\gis-perumahan-ci4-adil\gis-perumahan-ci4-adil\app\Controllers\Home.php(30): App\Models\ModelSetting->DataWeb()
#5 C:\xampp\htdocs\gis_adil\gis-perumahan-ci4-adil\gis-perumahan-ci4-adil\system\CodeIgniter.php(933): App\Controllers\Home->index()
#6 C:\xampp\htdocs\gis_adil\gis-perumahan-ci4-adil\gis-perumahan-ci4-adil\system\CodeIgniter.php(507): CodeIgniter\CodeIgniter->runController(Object(App\Controllers\Home))
#7 C:\xampp\htdocs\gis_adil\gis-perumahan-ci4-adil\gis-perumahan-ci4-adil\system\CodeIgniter.php(354): CodeIgniter\CodeIgniter->handleRequest(NULL, Object(Config\Cache), false)
#8 C:\xampp\htdocs\gis_adil\gis-perumahan-ci4-adil\gis-perumahan-ci4-adil\system\Boot.php(334): CodeIgniter\CodeIgniter->run()
#9 C:\xampp\htdocs\gis_adil\gis-perumahan-ci4-adil\gis-perumahan-ci4-adil\system\Boot.php(67): CodeIgniter\Boot::runCodeIgniter(Object(CodeIgniter\CodeIgniter))
#10 C:\xampp\htdocs\gis_adil\gis-perumahan-ci4-adil\gis-perumahan-ci4-adil\public\index.php(56): CodeIgniter\Boot::bootWeb(Object(Config\Paths))
#11 {main}
CRITICAL - 2025-07-30 13:56:44 --> CodeIgniter\Database\Exceptions\DatabaseException: Unable to connect to the database.
Main connection [MySQLi]: Unknown database 'db_gis_rumah'
[Method: GET, Route: /]
in SYSTEMPATH\Database\BaseConnection.php on line 467.
 1 SYSTEMPATH\Database\BaseConnection.php(620): CodeIgniter\Database\BaseConnection->initialize()
 2 SYSTEMPATH\Database\BaseBuilder.php(1649): CodeIgniter\Database\BaseConnection->query('SELECT *
FROM `tbl_setting`
WHERE `id` = :id:', [...], false)
 3 APPPATH\Models\ModelSetting.php(13): CodeIgniter\Database\BaseBuilder->get()
 4 APPPATH\Controllers\Home.php(30): App\Models\ModelSetting->DataWeb()
 5 SYSTEMPATH\CodeIgniter.php(933): App\Controllers\Home->index()
 6 SYSTEMPATH\CodeIgniter.php(507): CodeIgniter\CodeIgniter->runController(Object(App\Controllers\Home))
 7 SYSTEMPATH\CodeIgniter.php(354): CodeIgniter\CodeIgniter->handleRequest(null, Object(Config\Cache), false)
 8 SYSTEMPATH\Boot.php(334): CodeIgniter\CodeIgniter->run()
 9 SYSTEMPATH\Boot.php(67): CodeIgniter\Boot::runCodeIgniter(Object(CodeIgniter\CodeIgniter))
10 FCPATH\index.php(56): CodeIgniter\Boot::bootWeb(Object(Config\Paths))
ERROR - 2025-07-30 14:11:34 --> Error connecting to the database: mysqli_sql_exception: Unknown database 'db_gis_rumah' in C:\xampp\htdocs\gis_adil\gis-perumahan-ci4-adil\gis-perumahan-ci4-adil\system\Database\MySQLi\Connection.php:201
Stack trace:
#0 C:\xampp\htdocs\gis_adil\gis-perumahan-ci4-adil\gis-perumahan-ci4-adil\system\Database\MySQLi\Connection.php(201): mysqli->real_connect('localhost', 'root', Object(SensitiveParameterValue), 'db_gis_rumah', 3306, '', 0)
#1 C:\xampp\htdocs\gis_adil\gis-perumahan-ci4-adil\gis-perumahan-ci4-adil\system\Database\BaseConnection.php(421): CodeIgniter\Database\MySQLi\Connection->connect(false)
#2 C:\xampp\htdocs\gis_adil\gis-perumahan-ci4-adil\gis-perumahan-ci4-adil\system\Database\BaseConnection.php(620): CodeIgniter\Database\BaseConnection->initialize()
#3 C:\xampp\htdocs\gis_adil\gis-perumahan-ci4-adil\gis-perumahan-ci4-adil\system\Database\BaseBuilder.php(1649): CodeIgniter\Database\BaseConnection->query('SELECT *\nFROM `...', Array, false)
#4 C:\xampp\htdocs\gis_adil\gis-perumahan-ci4-adil\gis-perumahan-ci4-adil\app\Models\ModelSetting.php(13): CodeIgniter\Database\BaseBuilder->get()
#5 C:\xampp\htdocs\gis_adil\gis-perumahan-ci4-adil\gis-perumahan-ci4-adil\app\Controllers\Home.php(30): App\Models\ModelSetting->DataWeb()
#6 C:\xampp\htdocs\gis_adil\gis-perumahan-ci4-adil\gis-perumahan-ci4-adil\system\CodeIgniter.php(933): App\Controllers\Home->index()
#7 C:\xampp\htdocs\gis_adil\gis-perumahan-ci4-adil\gis-perumahan-ci4-adil\system\CodeIgniter.php(507): CodeIgniter\CodeIgniter->runController(Object(App\Controllers\Home))
#8 C:\xampp\htdocs\gis_adil\gis-perumahan-ci4-adil\gis-perumahan-ci4-adil\system\CodeIgniter.php(354): CodeIgniter\CodeIgniter->handleRequest(NULL, Object(Config\Cache), false)
#9 C:\xampp\htdocs\gis_adil\gis-perumahan-ci4-adil\gis-perumahan-ci4-adil\system\Boot.php(334): CodeIgniter\CodeIgniter->run()
#10 C:\xampp\htdocs\gis_adil\gis-perumahan-ci4-adil\gis-perumahan-ci4-adil\system\Boot.php(67): CodeIgniter\Boot::runCodeIgniter(Object(CodeIgniter\CodeIgniter))
#11 C:\xampp\htdocs\gis_adil\gis-perumahan-ci4-adil\gis-perumahan-ci4-adil\public\index.php(56): CodeIgniter\Boot::bootWeb(Object(Config\Paths))
#12 {main}

Next CodeIgniter\Database\Exceptions\DatabaseException: Unknown database 'db_gis_rumah' in C:\xampp\htdocs\gis_adil\gis-perumahan-ci4-adil\gis-perumahan-ci4-adil\system\Database\MySQLi\Connection.php:246
Stack trace:
#0 C:\xampp\htdocs\gis_adil\gis-perumahan-ci4-adil\gis-perumahan-ci4-adil\system\Database\BaseConnection.php(421): CodeIgniter\Database\MySQLi\Connection->connect(false)
#1 C:\xampp\htdocs\gis_adil\gis-perumahan-ci4-adil\gis-perumahan-ci4-adil\system\Database\BaseConnection.php(620): CodeIgniter\Database\BaseConnection->initialize()
#2 C:\xampp\htdocs\gis_adil\gis-perumahan-ci4-adil\gis-perumahan-ci4-adil\system\Database\BaseBuilder.php(1649): CodeIgniter\Database\BaseConnection->query('SELECT *\nFROM `...', Array, false)
#3 C:\xampp\htdocs\gis_adil\gis-perumahan-ci4-adil\gis-perumahan-ci4-adil\app\Models\ModelSetting.php(13): CodeIgniter\Database\BaseBuilder->get()
#4 C:\xampp\htdocs\gis_adil\gis-perumahan-ci4-adil\gis-perumahan-ci4-adil\app\Controllers\Home.php(30): App\Models\ModelSetting->DataWeb()
#5 C:\xampp\htdocs\gis_adil\gis-perumahan-ci4-adil\gis-perumahan-ci4-adil\system\CodeIgniter.php(933): App\Controllers\Home->index()
#6 C:\xampp\htdocs\gis_adil\gis-perumahan-ci4-adil\gis-perumahan-ci4-adil\system\CodeIgniter.php(507): CodeIgniter\CodeIgniter->runController(Object(App\Controllers\Home))
#7 C:\xampp\htdocs\gis_adil\gis-perumahan-ci4-adil\gis-perumahan-ci4-adil\system\CodeIgniter.php(354): CodeIgniter\CodeIgniter->handleRequest(NULL, Object(Config\Cache), false)
#8 C:\xampp\htdocs\gis_adil\gis-perumahan-ci4-adil\gis-perumahan-ci4-adil\system\Boot.php(334): CodeIgniter\CodeIgniter->run()
#9 C:\xampp\htdocs\gis_adil\gis-perumahan-ci4-adil\gis-perumahan-ci4-adil\system\Boot.php(67): CodeIgniter\Boot::runCodeIgniter(Object(CodeIgniter\CodeIgniter))
#10 C:\xampp\htdocs\gis_adil\gis-perumahan-ci4-adil\gis-perumahan-ci4-adil\public\index.php(56): CodeIgniter\Boot::bootWeb(Object(Config\Paths))
#11 {main}
CRITICAL - 2025-07-30 14:11:34 --> CodeIgniter\Database\Exceptions\DatabaseException: Unable to connect to the database.
Main connection [MySQLi]: Unknown database 'db_gis_rumah'
[Method: GET, Route: /]
in SYSTEMPATH\Database\BaseConnection.php on line 467.
 1 SYSTEMPATH\Database\BaseConnection.php(620): CodeIgniter\Database\BaseConnection->initialize()
 2 SYSTEMPATH\Database\BaseBuilder.php(1649): CodeIgniter\Database\BaseConnection->query('SELECT *
FROM `tbl_setting`
WHERE `id` = :id:', [...], false)
 3 APPPATH\Models\ModelSetting.php(13): CodeIgniter\Database\BaseBuilder->get()
 4 APPPATH\Controllers\Home.php(30): App\Models\ModelSetting->DataWeb()
 5 SYSTEMPATH\CodeIgniter.php(933): App\Controllers\Home->index()
 6 SYSTEMPATH\CodeIgniter.php(507): CodeIgniter\CodeIgniter->runController(Object(App\Controllers\Home))
 7 SYSTEMPATH\CodeIgniter.php(354): CodeIgniter\CodeIgniter->handleRequest(null, Object(Config\Cache), false)
 8 SYSTEMPATH\Boot.php(334): CodeIgniter\CodeIgniter->run()
 9 SYSTEMPATH\Boot.php(67): CodeIgniter\Boot::runCodeIgniter(Object(CodeIgniter\CodeIgniter))
10 FCPATH\index.php(56): CodeIgniter\Boot::bootWeb(Object(Config\Paths))
DEBUG - 2025-07-30 14:16:23 --> Session: Class initialized using 'CodeIgniter\Session\Handlers\FileHandler' driver.
DEBUG - 2025-07-30 15:05:10 --> Session: Class initialized using 'CodeIgniter\Session\Handlers\FileHandler' driver.
DEBUG - 2025-07-30 15:05:56 --> Session: Class initialized using 'CodeIgniter\Session\Handlers\FileHandler' driver.
DEBUG - 2025-07-30 15:12:10 --> Session: Class initialized using 'CodeIgniter\Session\Handlers\FileHandler' driver.
DEBUG - 2025-07-30 15:17:54 --> Session: Class initialized using 'CodeIgniter\Session\Handlers\FileHandler' driver.
DEBUG - 2025-07-30 15:18:00 --> Session: Class initialized using 'CodeIgniter\Session\Handlers\FileHandler' driver.
DEBUG - 2025-07-30 15:27:38 --> Session: Class initialized using 'CodeIgniter\Session\Handlers\FileHandler' driver.
DEBUG - 2025-07-30 15:27:56 --> Session: Class initialized using 'CodeIgniter\Session\Handlers\FileHandler' driver.
DEBUG - 2025-07-30 15:28:43 --> Session: Class initialized using 'CodeIgniter\Session\Handlers\FileHandler' driver.
DEBUG - 2025-07-30 15:28:43 --> Session: Class initialized using 'CodeIgniter\Session\Handlers\FileHandler' driver.
DEBUG - 2025-07-30 15:28:58 --> Session: Class initialized using 'CodeIgniter\Session\Handlers\FileHandler' driver.
DEBUG - 2025-07-30 16:56:00 --> Session: Class initialized using 'CodeIgniter\Session\Handlers\FileHandler' driver.
DEBUG - 2025-07-30 16:56:00 --> Session: Class initialized using 'CodeIgniter\Session\Handlers\FileHandler' driver.
DEBUG - 2025-07-30 16:56:05 --> Session: Class initialized using 'CodeIgniter\Session\Handlers\FileHandler' driver.
DEBUG - 2025-07-30 16:56:11 --> Session: Class initialized using 'CodeIgniter\Session\Handlers\FileHandler' driver.
DEBUG - 2025-07-30 16:59:07 --> Session: Class initialized using 'CodeIgniter\Session\Handlers\FileHandler' driver.
DEBUG - 2025-07-30 16:59:16 --> Session: Class initialized using 'CodeIgniter\Session\Handlers\FileHandler' driver.
