ERROR - 2026-01-22 08:36:04 --> Error connecting to the database: mysqli_sql_exception: Unknown database 'db_gis_rumah' in C:\wamp64\www\SI25_Webgis_Rafli2\system\Database\MySQLi\Connection.php:201
Stack trace:
#0 C:\wamp64\www\SI25_Webgis_Rafli2\system\Database\MySQLi\Connection.php(201): mysqli->real_connect('localhost', 'root', Object(SensitiveParameterValue), 'db_gis_rumah', 3306, '', 0)
#1 C:\wamp64\www\SI25_Webgis_Rafli2\system\Database\BaseConnection.php(421): CodeIgniter\Database\MySQLi\Connection->connect(false)
#2 C:\wamp64\www\SI25_Webgis_Rafli2\system\Database\BaseConnection.php(620): CodeIgniter\Database\BaseConnection->initialize()
#3 C:\wamp64\www\SI25_Webgis_Rafli2\system\Database\BaseBuilder.php(1649): CodeIgniter\Database\BaseConnection->query('SELECT *\nFROM `...', Array, false)
#4 C:\wamp64\www\SI25_Webgis_Rafli2\app\Models\ModelSetting.php(13): CodeIgniter\Database\BaseBuilder->get()
#5 C:\wamp64\www\SI25_Webgis_Rafli2\app\Controllers\Home.php(30): App\Models\ModelSetting->DataWeb()
#6 C:\wamp64\www\SI25_Webgis_Rafli2\system\CodeIgniter.php(933): App\Controllers\Home->index()
#7 C:\wamp64\www\SI25_Webgis_Rafli2\system\CodeIgniter.php(507): CodeIgniter\CodeIgniter->runController(Object(App\Controllers\Home))
#8 C:\wamp64\www\SI25_Webgis_Rafli2\system\CodeIgniter.php(354): CodeIgniter\CodeIgniter->handleRequest(NULL, Object(Config\Cache), false)
#9 C:\wamp64\www\SI25_Webgis_Rafli2\system\Boot.php(334): CodeIgniter\CodeIgniter->run()
#10 C:\wamp64\www\SI25_Webgis_Rafli2\system\Boot.php(67): CodeIgniter\Boot::runCodeIgniter(Object(CodeIgniter\CodeIgniter))
#11 C:\wamp64\www\SI25_Webgis_Rafli2\public\index.php(56): CodeIgniter\Boot::bootWeb(Object(Config\Paths))
#12 {main}

Next CodeIgniter\Database\Exceptions\DatabaseException: Unknown database 'db_gis_rumah' in C:\wamp64\www\SI25_Webgis_Rafli2\system\Database\MySQLi\Connection.php:246
Stack trace:
#0 C:\wamp64\www\SI25_Webgis_Rafli2\system\Database\BaseConnection.php(421): CodeIgniter\Database\MySQLi\Connection->connect(false)
#1 C:\wamp64\www\SI25_Webgis_Rafli2\system\Database\BaseConnection.php(620): CodeIgniter\Database\BaseConnection->initialize()
#2 C:\wamp64\www\SI25_Webgis_Rafli2\system\Database\BaseBuilder.php(1649): CodeIgniter\Database\BaseConnection->query('SELECT *\nFROM `...', Array, false)
#3 C:\wamp64\www\SI25_Webgis_Rafli2\app\Models\ModelSetting.php(13): CodeIgniter\Database\BaseBuilder->get()
#4 C:\wamp64\www\SI25_Webgis_Rafli2\app\Controllers\Home.php(30): App\Models\ModelSetting->DataWeb()
#5 C:\wamp64\www\SI25_Webgis_Rafli2\system\CodeIgniter.php(933): App\Controllers\Home->index()
#6 C:\wamp64\www\SI25_Webgis_Rafli2\system\CodeIgniter.php(507): CodeIgniter\CodeIgniter->runController(Object(App\Controllers\Home))
#7 C:\wamp64\www\SI25_Webgis_Rafli2\system\CodeIgniter.php(354): CodeIgniter\CodeIgniter->handleRequest(NULL, Object(Config\Cache), false)
#8 C:\wamp64\www\SI25_Webgis_Rafli2\system\Boot.php(334): CodeIgniter\CodeIgniter->run()
#9 C:\wamp64\www\SI25_Webgis_Rafli2\system\Boot.php(67): CodeIgniter\Boot::runCodeIgniter(Object(CodeIgniter\CodeIgniter))
#10 C:\wamp64\www\SI25_Webgis_Rafli2\public\index.php(56): CodeIgniter\Boot::bootWeb(Object(Config\Paths))
#11 {main}
CRITICAL - 2026-01-22 08:36:04 --> CodeIgniter\Database\Exceptions\DatabaseException: Unable to connect to the database.
Main connection [MySQLi]: Unknown database 'db_gis_rumah'
[Method: GET, Route: /]
in SYSTEMPATH\Database\BaseConnection.php on line 467.
 1 SYSTEMPATH\Database\BaseConnection.php(620): CodeIgniter\Database\BaseConnection->initialize()
 2 SYSTEMPATH\Database\BaseBuilder.php(1649): CodeIgniter\Database\BaseConnection->query('SELECT *
FROM `tbl_setting`
WHERE `id` = :id:', [...], false)
 3 APPPATH\Models\ModelSetting.php(13): CodeIgniter\Database\BaseBuilder->get()
 4 APPPATH\Controllers\Home.php(30): App\Models\ModelSetting->DataWeb()
 5 SYSTEMPATH\CodeIgniter.php(933): App\Controllers\Home->index()
 6 SYSTEMPATH\CodeIgniter.php(507): CodeIgniter\CodeIgniter->runController(Object(App\Controllers\Home))
 7 SYSTEMPATH\CodeIgniter.php(354): CodeIgniter\CodeIgniter->handleRequest(null, Object(Config\Cache), false)
 8 SYSTEMPATH\Boot.php(334): CodeIgniter\CodeIgniter->run()
 9 SYSTEMPATH\Boot.php(67): CodeIgniter\Boot::runCodeIgniter(Object(CodeIgniter\CodeIgniter))
10 FCPATH\index.php(56): CodeIgniter\Boot::bootWeb(Object(Config\Paths))
ERROR - 2026-01-22 08:36:16 --> Error connecting to the database: mysqli_sql_exception: Unknown database 'db_gis_rumah' in C:\wamp64\www\SI25_Webgis_Rafli2\system\Database\MySQLi\Connection.php:201
Stack trace:
#0 C:\wamp64\www\SI25_Webgis_Rafli2\system\Database\MySQLi\Connection.php(201): mysqli->real_connect('localhost', 'root', Object(SensitiveParameterValue), 'db_gis_rumah', 3306, '', 0)
#1 C:\wamp64\www\SI25_Webgis_Rafli2\system\Database\BaseConnection.php(421): CodeIgniter\Database\MySQLi\Connection->connect(false)
#2 C:\wamp64\www\SI25_Webgis_Rafli2\system\Database\BaseConnection.php(620): CodeIgniter\Database\BaseConnection->initialize()
#3 C:\wamp64\www\SI25_Webgis_Rafli2\system\Database\BaseBuilder.php(1649): CodeIgniter\Database\BaseConnection->query('SELECT *\nFROM `...', Array, false)
#4 C:\wamp64\www\SI25_Webgis_Rafli2\app\Models\ModelSetting.php(13): CodeIgniter\Database\BaseBuilder->get()
#5 C:\wamp64\www\SI25_Webgis_Rafli2\app\Controllers\Home.php(30): App\Models\ModelSetting->DataWeb()
#6 C:\wamp64\www\SI25_Webgis_Rafli2\system\CodeIgniter.php(933): App\Controllers\Home->index()
#7 C:\wamp64\www\SI25_Webgis_Rafli2\system\CodeIgniter.php(507): CodeIgniter\CodeIgniter->runController(Object(App\Controllers\Home))
#8 C:\wamp64\www\SI25_Webgis_Rafli2\system\CodeIgniter.php(354): CodeIgniter\CodeIgniter->handleRequest(NULL, Object(Config\Cache), false)
#9 C:\wamp64\www\SI25_Webgis_Rafli2\system\Boot.php(334): CodeIgniter\CodeIgniter->run()
#10 C:\wamp64\www\SI25_Webgis_Rafli2\system\Boot.php(67): CodeIgniter\Boot::runCodeIgniter(Object(CodeIgniter\CodeIgniter))
#11 C:\wamp64\www\SI25_Webgis_Rafli2\public\index.php(56): CodeIgniter\Boot::bootWeb(Object(Config\Paths))
#12 {main}

Next CodeIgniter\Database\Exceptions\DatabaseException: Unknown database 'db_gis_rumah' in C:\wamp64\www\SI25_Webgis_Rafli2\system\Database\MySQLi\Connection.php:246
Stack trace:
#0 C:\wamp64\www\SI25_Webgis_Rafli2\system\Database\BaseConnection.php(421): CodeIgniter\Database\MySQLi\Connection->connect(false)
#1 C:\wamp64\www\SI25_Webgis_Rafli2\system\Database\BaseConnection.php(620): CodeIgniter\Database\BaseConnection->initialize()
#2 C:\wamp64\www\SI25_Webgis_Rafli2\system\Database\BaseBuilder.php(1649): CodeIgniter\Database\BaseConnection->query('SELECT *\nFROM `...', Array, false)
#3 C:\wamp64\www\SI25_Webgis_Rafli2\app\Models\ModelSetting.php(13): CodeIgniter\Database\BaseBuilder->get()
#4 C:\wamp64\www\SI25_Webgis_Rafli2\app\Controllers\Home.php(30): App\Models\ModelSetting->DataWeb()
#5 C:\wamp64\www\SI25_Webgis_Rafli2\system\CodeIgniter.php(933): App\Controllers\Home->index()
#6 C:\wamp64\www\SI25_Webgis_Rafli2\system\CodeIgniter.php(507): CodeIgniter\CodeIgniter->runController(Object(App\Controllers\Home))
#7 C:\wamp64\www\SI25_Webgis_Rafli2\system\CodeIgniter.php(354): CodeIgniter\CodeIgniter->handleRequest(NULL, Object(Config\Cache), false)
#8 C:\wamp64\www\SI25_Webgis_Rafli2\system\Boot.php(334): CodeIgniter\CodeIgniter->run()
#9 C:\wamp64\www\SI25_Webgis_Rafli2\system\Boot.php(67): CodeIgniter\Boot::runCodeIgniter(Object(CodeIgniter\CodeIgniter))
#10 C:\wamp64\www\SI25_Webgis_Rafli2\public\index.php(56): CodeIgniter\Boot::bootWeb(Object(Config\Paths))
#11 {main}
CRITICAL - 2026-01-22 08:36:16 --> CodeIgniter\Database\Exceptions\DatabaseException: Unable to connect to the database.
Main connection [MySQLi]: Unknown database 'db_gis_rumah'
[Method: GET, Route: /]
in SYSTEMPATH\Database\BaseConnection.php on line 467.
 1 SYSTEMPATH\Database\BaseConnection.php(620): CodeIgniter\Database\BaseConnection->initialize()
 2 SYSTEMPATH\Database\BaseBuilder.php(1649): CodeIgniter\Database\BaseConnection->query('SELECT *
FROM `tbl_setting`
WHERE `id` = :id:', [...], false)
 3 APPPATH\Models\ModelSetting.php(13): CodeIgniter\Database\BaseBuilder->get()
 4 APPPATH\Controllers\Home.php(30): App\Models\ModelSetting->DataWeb()
 5 SYSTEMPATH\CodeIgniter.php(933): App\Controllers\Home->index()
 6 SYSTEMPATH\CodeIgniter.php(507): CodeIgniter\CodeIgniter->runController(Object(App\Controllers\Home))
 7 SYSTEMPATH\CodeIgniter.php(354): CodeIgniter\CodeIgniter->handleRequest(null, Object(Config\Cache), false)
 8 SYSTEMPATH\Boot.php(334): CodeIgniter\CodeIgniter->run()
 9 SYSTEMPATH\Boot.php(67): CodeIgniter\Boot::runCodeIgniter(Object(CodeIgniter\CodeIgniter))
10 FCPATH\index.php(56): CodeIgniter\Boot::bootWeb(Object(Config\Paths))
ERROR - 2026-01-22 08:36:18 --> Error connecting to the database: mysqli_sql_exception: Unknown database 'db_gis_rumah' in C:\wamp64\www\SI25_Webgis_Rafli2\system\Database\MySQLi\Connection.php:201
Stack trace:
#0 C:\wamp64\www\SI25_Webgis_Rafli2\system\Database\MySQLi\Connection.php(201): mysqli->real_connect('localhost', 'root', Object(SensitiveParameterValue), 'db_gis_rumah', 3306, '', 0)
#1 C:\wamp64\www\SI25_Webgis_Rafli2\system\Database\BaseConnection.php(421): CodeIgniter\Database\MySQLi\Connection->connect(false)
#2 C:\wamp64\www\SI25_Webgis_Rafli2\system\Database\BaseConnection.php(620): CodeIgniter\Database\BaseConnection->initialize()
#3 C:\wamp64\www\SI25_Webgis_Rafli2\system\Database\BaseBuilder.php(1649): CodeIgniter\Database\BaseConnection->query('SELECT *\nFROM `...', Array, false)
#4 C:\wamp64\www\SI25_Webgis_Rafli2\app\Models\ModelSetting.php(13): CodeIgniter\Database\BaseBuilder->get()
#5 C:\wamp64\www\SI25_Webgis_Rafli2\app\Controllers\Home.php(30): App\Models\ModelSetting->DataWeb()
#6 C:\wamp64\www\SI25_Webgis_Rafli2\system\CodeIgniter.php(933): App\Controllers\Home->index()
#7 C:\wamp64\www\SI25_Webgis_Rafli2\system\CodeIgniter.php(507): CodeIgniter\CodeIgniter->runController(Object(App\Controllers\Home))
#8 C:\wamp64\www\SI25_Webgis_Rafli2\system\CodeIgniter.php(354): CodeIgniter\CodeIgniter->handleRequest(NULL, Object(Config\Cache), false)
#9 C:\wamp64\www\SI25_Webgis_Rafli2\system\Boot.php(334): CodeIgniter\CodeIgniter->run()
#10 C:\wamp64\www\SI25_Webgis_Rafli2\system\Boot.php(67): CodeIgniter\Boot::runCodeIgniter(Object(CodeIgniter\CodeIgniter))
#11 C:\wamp64\www\SI25_Webgis_Rafli2\public\index.php(56): CodeIgniter\Boot::bootWeb(Object(Config\Paths))
#12 {main}

Next CodeIgniter\Database\Exceptions\DatabaseException: Unknown database 'db_gis_rumah' in C:\wamp64\www\SI25_Webgis_Rafli2\system\Database\MySQLi\Connection.php:246
Stack trace:
#0 C:\wamp64\www\SI25_Webgis_Rafli2\system\Database\BaseConnection.php(421): CodeIgniter\Database\MySQLi\Connection->connect(false)
#1 C:\wamp64\www\SI25_Webgis_Rafli2\system\Database\BaseConnection.php(620): CodeIgniter\Database\BaseConnection->initialize()
#2 C:\wamp64\www\SI25_Webgis_Rafli2\system\Database\BaseBuilder.php(1649): CodeIgniter\Database\BaseConnection->query('SELECT *\nFROM `...', Array, false)
#3 C:\wamp64\www\SI25_Webgis_Rafli2\app\Models\ModelSetting.php(13): CodeIgniter\Database\BaseBuilder->get()
#4 C:\wamp64\www\SI25_Webgis_Rafli2\app\Controllers\Home.php(30): App\Models\ModelSetting->DataWeb()
#5 C:\wamp64\www\SI25_Webgis_Rafli2\system\CodeIgniter.php(933): App\Controllers\Home->index()
#6 C:\wamp64\www\SI25_Webgis_Rafli2\system\CodeIgniter.php(507): CodeIgniter\CodeIgniter->runController(Object(App\Controllers\Home))
#7 C:\wamp64\www\SI25_Webgis_Rafli2\system\CodeIgniter.php(354): CodeIgniter\CodeIgniter->handleRequest(NULL, Object(Config\Cache), false)
#8 C:\wamp64\www\SI25_Webgis_Rafli2\system\Boot.php(334): CodeIgniter\CodeIgniter->run()
#9 C:\wamp64\www\SI25_Webgis_Rafli2\system\Boot.php(67): CodeIgniter\Boot::runCodeIgniter(Object(CodeIgniter\CodeIgniter))
#10 C:\wamp64\www\SI25_Webgis_Rafli2\public\index.php(56): CodeIgniter\Boot::bootWeb(Object(Config\Paths))
#11 {main}
CRITICAL - 2026-01-22 08:36:18 --> CodeIgniter\Database\Exceptions\DatabaseException: Unable to connect to the database.
Main connection [MySQLi]: Unknown database 'db_gis_rumah'
[Method: GET, Route: /]
in SYSTEMPATH\Database\BaseConnection.php on line 467.
 1 SYSTEMPATH\Database\BaseConnection.php(620): CodeIgniter\Database\BaseConnection->initialize()
 2 SYSTEMPATH\Database\BaseBuilder.php(1649): CodeIgniter\Database\BaseConnection->query('SELECT *
FROM `tbl_setting`
WHERE `id` = :id:', [...], false)
 3 APPPATH\Models\ModelSetting.php(13): CodeIgniter\Database\BaseBuilder->get()
 4 APPPATH\Controllers\Home.php(30): App\Models\ModelSetting->DataWeb()
 5 SYSTEMPATH\CodeIgniter.php(933): App\Controllers\Home->index()
 6 SYSTEMPATH\CodeIgniter.php(507): CodeIgniter\CodeIgniter->runController(Object(App\Controllers\Home))
 7 SYSTEMPATH\CodeIgniter.php(354): CodeIgniter\CodeIgniter->handleRequest(null, Object(Config\Cache), false)
 8 SYSTEMPATH\Boot.php(334): CodeIgniter\CodeIgniter->run()
 9 SYSTEMPATH\Boot.php(67): CodeIgniter\Boot::runCodeIgniter(Object(CodeIgniter\CodeIgniter))
10 FCPATH\index.php(56): CodeIgniter\Boot::bootWeb(Object(Config\Paths))
ERROR - 2026-01-22 08:37:47 --> Error connecting to the database: mysqli_sql_exception: Unknown database 'db_gis_rumah' in C:\wamp64\www\SI25_Webgis_Rafli2\system\Database\MySQLi\Connection.php:201
Stack trace:
#0 C:\wamp64\www\SI25_Webgis_Rafli2\system\Database\MySQLi\Connection.php(201): mysqli->real_connect('localhost', 'root', Object(SensitiveParameterValue), 'db_gis_rumah', 3306, '', 0)
#1 C:\wamp64\www\SI25_Webgis_Rafli2\system\Database\BaseConnection.php(421): CodeIgniter\Database\MySQLi\Connection->connect(false)
#2 C:\wamp64\www\SI25_Webgis_Rafli2\system\Database\BaseConnection.php(620): CodeIgniter\Database\BaseConnection->initialize()
#3 C:\wamp64\www\SI25_Webgis_Rafli2\system\Database\BaseBuilder.php(1649): CodeIgniter\Database\BaseConnection->query('SELECT *\nFROM `...', Array, false)
#4 C:\wamp64\www\SI25_Webgis_Rafli2\app\Models\ModelSetting.php(13): CodeIgniter\Database\BaseBuilder->get()
#5 C:\wamp64\www\SI25_Webgis_Rafli2\app\Controllers\Home.php(30): App\Models\ModelSetting->DataWeb()
#6 C:\wamp64\www\SI25_Webgis_Rafli2\system\CodeIgniter.php(933): App\Controllers\Home->index()
#7 C:\wamp64\www\SI25_Webgis_Rafli2\system\CodeIgniter.php(507): CodeIgniter\CodeIgniter->runController(Object(App\Controllers\Home))
#8 C:\wamp64\www\SI25_Webgis_Rafli2\system\CodeIgniter.php(354): CodeIgniter\CodeIgniter->handleRequest(NULL, Object(Config\Cache), false)
#9 C:\wamp64\www\SI25_Webgis_Rafli2\system\Boot.php(334): CodeIgniter\CodeIgniter->run()
#10 C:\wamp64\www\SI25_Webgis_Rafli2\system\Boot.php(67): CodeIgniter\Boot::runCodeIgniter(Object(CodeIgniter\CodeIgniter))
#11 C:\wamp64\www\SI25_Webgis_Rafli2\public\index.php(56): CodeIgniter\Boot::bootWeb(Object(Config\Paths))
#12 {main}

Next CodeIgniter\Database\Exceptions\DatabaseException: Unknown database 'db_gis_rumah' in C:\wamp64\www\SI25_Webgis_Rafli2\system\Database\MySQLi\Connection.php:246
Stack trace:
#0 C:\wamp64\www\SI25_Webgis_Rafli2\system\Database\BaseConnection.php(421): CodeIgniter\Database\MySQLi\Connection->connect(false)
#1 C:\wamp64\www\SI25_Webgis_Rafli2\system\Database\BaseConnection.php(620): CodeIgniter\Database\BaseConnection->initialize()
#2 C:\wamp64\www\SI25_Webgis_Rafli2\system\Database\BaseBuilder.php(1649): CodeIgniter\Database\BaseConnection->query('SELECT *\nFROM `...', Array, false)
#3 C:\wamp64\www\SI25_Webgis_Rafli2\app\Models\ModelSetting.php(13): CodeIgniter\Database\BaseBuilder->get()
#4 C:\wamp64\www\SI25_Webgis_Rafli2\app\Controllers\Home.php(30): App\Models\ModelSetting->DataWeb()
#5 C:\wamp64\www\SI25_Webgis_Rafli2\system\CodeIgniter.php(933): App\Controllers\Home->index()
#6 C:\wamp64\www\SI25_Webgis_Rafli2\system\CodeIgniter.php(507): CodeIgniter\CodeIgniter->runController(Object(App\Controllers\Home))
#7 C:\wamp64\www\SI25_Webgis_Rafli2\system\CodeIgniter.php(354): CodeIgniter\CodeIgniter->handleRequest(NULL, Object(Config\Cache), false)
#8 C:\wamp64\www\SI25_Webgis_Rafli2\system\Boot.php(334): CodeIgniter\CodeIgniter->run()
#9 C:\wamp64\www\SI25_Webgis_Rafli2\system\Boot.php(67): CodeIgniter\Boot::runCodeIgniter(Object(CodeIgniter\CodeIgniter))
#10 C:\wamp64\www\SI25_Webgis_Rafli2\public\index.php(56): CodeIgniter\Boot::bootWeb(Object(Config\Paths))
#11 {main}
CRITICAL - 2026-01-22 08:37:47 --> CodeIgniter\Database\Exceptions\DatabaseException: Unable to connect to the database.
Main connection [MySQLi]: Unknown database 'db_gis_rumah'
[Method: GET, Route: /]
in SYSTEMPATH\Database\BaseConnection.php on line 467.
 1 SYSTEMPATH\Database\BaseConnection.php(620): CodeIgniter\Database\BaseConnection->initialize()
 2 SYSTEMPATH\Database\BaseBuilder.php(1649): CodeIgniter\Database\BaseConnection->query('SELECT *
FROM `tbl_setting`
WHERE `id` = :id:', [...], false)
 3 APPPATH\Models\ModelSetting.php(13): CodeIgniter\Database\BaseBuilder->get()
 4 APPPATH\Controllers\Home.php(30): App\Models\ModelSetting->DataWeb()
 5 SYSTEMPATH\CodeIgniter.php(933): App\Controllers\Home->index()
 6 SYSTEMPATH\CodeIgniter.php(507): CodeIgniter\CodeIgniter->runController(Object(App\Controllers\Home))
 7 SYSTEMPATH\CodeIgniter.php(354): CodeIgniter\CodeIgniter->handleRequest(null, Object(Config\Cache), false)
 8 SYSTEMPATH\Boot.php(334): CodeIgniter\CodeIgniter->run()
 9 SYSTEMPATH\Boot.php(67): CodeIgniter\Boot::runCodeIgniter(Object(CodeIgniter\CodeIgniter))
10 FCPATH\index.php(56): CodeIgniter\Boot::bootWeb(Object(Config\Paths))
ERROR - 2026-01-22 08:37:48 --> Error connecting to the database: mysqli_sql_exception: Unknown database 'db_gis_rumah' in C:\wamp64\www\SI25_Webgis_Rafli2\system\Database\MySQLi\Connection.php:201
Stack trace:
#0 C:\wamp64\www\SI25_Webgis_Rafli2\system\Database\MySQLi\Connection.php(201): mysqli->real_connect('localhost', 'root', Object(SensitiveParameterValue), 'db_gis_rumah', 3306, '', 0)
#1 C:\wamp64\www\SI25_Webgis_Rafli2\system\Database\BaseConnection.php(421): CodeIgniter\Database\MySQLi\Connection->connect(false)
#2 C:\wamp64\www\SI25_Webgis_Rafli2\system\Database\BaseConnection.php(620): CodeIgniter\Database\BaseConnection->initialize()
#3 C:\wamp64\www\SI25_Webgis_Rafli2\system\Database\BaseBuilder.php(1649): CodeIgniter\Database\BaseConnection->query('SELECT *\nFROM `...', Array, false)
#4 C:\wamp64\www\SI25_Webgis_Rafli2\app\Models\ModelSetting.php(13): CodeIgniter\Database\BaseBuilder->get()
#5 C:\wamp64\www\SI25_Webgis_Rafli2\app\Controllers\Home.php(30): App\Models\ModelSetting->DataWeb()
#6 C:\wamp64\www\SI25_Webgis_Rafli2\system\CodeIgniter.php(933): App\Controllers\Home->index()
#7 C:\wamp64\www\SI25_Webgis_Rafli2\system\CodeIgniter.php(507): CodeIgniter\CodeIgniter->runController(Object(App\Controllers\Home))
#8 C:\wamp64\www\SI25_Webgis_Rafli2\system\CodeIgniter.php(354): CodeIgniter\CodeIgniter->handleRequest(NULL, Object(Config\Cache), false)
#9 C:\wamp64\www\SI25_Webgis_Rafli2\system\Boot.php(334): CodeIgniter\CodeIgniter->run()
#10 C:\wamp64\www\SI25_Webgis_Rafli2\system\Boot.php(67): CodeIgniter\Boot::runCodeIgniter(Object(CodeIgniter\CodeIgniter))
#11 C:\wamp64\www\SI25_Webgis_Rafli2\public\index.php(56): CodeIgniter\Boot::bootWeb(Object(Config\Paths))
#12 {main}

Next CodeIgniter\Database\Exceptions\DatabaseException: Unknown database 'db_gis_rumah' in C:\wamp64\www\SI25_Webgis_Rafli2\system\Database\MySQLi\Connection.php:246
Stack trace:
#0 C:\wamp64\www\SI25_Webgis_Rafli2\system\Database\BaseConnection.php(421): CodeIgniter\Database\MySQLi\Connection->connect(false)
#1 C:\wamp64\www\SI25_Webgis_Rafli2\system\Database\BaseConnection.php(620): CodeIgniter\Database\BaseConnection->initialize()
#2 C:\wamp64\www\SI25_Webgis_Rafli2\system\Database\BaseBuilder.php(1649): CodeIgniter\Database\BaseConnection->query('SELECT *\nFROM `...', Array, false)
#3 C:\wamp64\www\SI25_Webgis_Rafli2\app\Models\ModelSetting.php(13): CodeIgniter\Database\BaseBuilder->get()
#4 C:\wamp64\www\SI25_Webgis_Rafli2\app\Controllers\Home.php(30): App\Models\ModelSetting->DataWeb()
#5 C:\wamp64\www\SI25_Webgis_Rafli2\system\CodeIgniter.php(933): App\Controllers\Home->index()
#6 C:\wamp64\www\SI25_Webgis_Rafli2\system\CodeIgniter.php(507): CodeIgniter\CodeIgniter->runController(Object(App\Controllers\Home))
#7 C:\wamp64\www\SI25_Webgis_Rafli2\system\CodeIgniter.php(354): CodeIgniter\CodeIgniter->handleRequest(NULL, Object(Config\Cache), false)
#8 C:\wamp64\www\SI25_Webgis_Rafli2\system\Boot.php(334): CodeIgniter\CodeIgniter->run()
#9 C:\wamp64\www\SI25_Webgis_Rafli2\system\Boot.php(67): CodeIgniter\Boot::runCodeIgniter(Object(CodeIgniter\CodeIgniter))
#10 C:\wamp64\www\SI25_Webgis_Rafli2\public\index.php(56): CodeIgniter\Boot::bootWeb(Object(Config\Paths))
#11 {main}
CRITICAL - 2026-01-22 08:37:48 --> CodeIgniter\Database\Exceptions\DatabaseException: Unable to connect to the database.
Main connection [MySQLi]: Unknown database 'db_gis_rumah'
[Method: GET, Route: /]
in SYSTEMPATH\Database\BaseConnection.php on line 467.
 1 SYSTEMPATH\Database\BaseConnection.php(620): CodeIgniter\Database\BaseConnection->initialize()
 2 SYSTEMPATH\Database\BaseBuilder.php(1649): CodeIgniter\Database\BaseConnection->query('SELECT *
FROM `tbl_setting`
WHERE `id` = :id:', [...], false)
 3 APPPATH\Models\ModelSetting.php(13): CodeIgniter\Database\BaseBuilder->get()
 4 APPPATH\Controllers\Home.php(30): App\Models\ModelSetting->DataWeb()
 5 SYSTEMPATH\CodeIgniter.php(933): App\Controllers\Home->index()
 6 SYSTEMPATH\CodeIgniter.php(507): CodeIgniter\CodeIgniter->runController(Object(App\Controllers\Home))
 7 SYSTEMPATH\CodeIgniter.php(354): CodeIgniter\CodeIgniter->handleRequest(null, Object(Config\Cache), false)
 8 SYSTEMPATH\Boot.php(334): CodeIgniter\CodeIgniter->run()
 9 SYSTEMPATH\Boot.php(67): CodeIgniter\Boot::runCodeIgniter(Object(CodeIgniter\CodeIgniter))
10 FCPATH\index.php(56): CodeIgniter\Boot::bootWeb(Object(Config\Paths))
ERROR - 2026-01-22 08:37:49 --> Error connecting to the database: mysqli_sql_exception: Unknown database 'db_gis_rumah' in C:\wamp64\www\SI25_Webgis_Rafli2\system\Database\MySQLi\Connection.php:201
Stack trace:
#0 C:\wamp64\www\SI25_Webgis_Rafli2\system\Database\MySQLi\Connection.php(201): mysqli->real_connect('localhost', 'root', Object(SensitiveParameterValue), 'db_gis_rumah', 3306, '', 0)
#1 C:\wamp64\www\SI25_Webgis_Rafli2\system\Database\BaseConnection.php(421): CodeIgniter\Database\MySQLi\Connection->connect(false)
#2 C:\wamp64\www\SI25_Webgis_Rafli2\system\Database\BaseConnection.php(620): CodeIgniter\Database\BaseConnection->initialize()
#3 C:\wamp64\www\SI25_Webgis_Rafli2\system\Database\BaseBuilder.php(1649): CodeIgniter\Database\BaseConnection->query('SELECT *\nFROM `...', Array, false)
#4 C:\wamp64\www\SI25_Webgis_Rafli2\app\Models\ModelSetting.php(13): CodeIgniter\Database\BaseBuilder->get()
#5 C:\wamp64\www\SI25_Webgis_Rafli2\app\Controllers\Home.php(30): App\Models\ModelSetting->DataWeb()
#6 C:\wamp64\www\SI25_Webgis_Rafli2\system\CodeIgniter.php(933): App\Controllers\Home->index()
#7 C:\wamp64\www\SI25_Webgis_Rafli2\system\CodeIgniter.php(507): CodeIgniter\CodeIgniter->runController(Object(App\Controllers\Home))
#8 C:\wamp64\www\SI25_Webgis_Rafli2\system\CodeIgniter.php(354): CodeIgniter\CodeIgniter->handleRequest(NULL, Object(Config\Cache), false)
#9 C:\wamp64\www\SI25_Webgis_Rafli2\system\Boot.php(334): CodeIgniter\CodeIgniter->run()
#10 C:\wamp64\www\SI25_Webgis_Rafli2\system\Boot.php(67): CodeIgniter\Boot::runCodeIgniter(Object(CodeIgniter\CodeIgniter))
#11 C:\wamp64\www\SI25_Webgis_Rafli2\public\index.php(56): CodeIgniter\Boot::bootWeb(Object(Config\Paths))
#12 {main}

Next CodeIgniter\Database\Exceptions\DatabaseException: Unknown database 'db_gis_rumah' in C:\wamp64\www\SI25_Webgis_Rafli2\system\Database\MySQLi\Connection.php:246
Stack trace:
#0 C:\wamp64\www\SI25_Webgis_Rafli2\system\Database\BaseConnection.php(421): CodeIgniter\Database\MySQLi\Connection->connect(false)
#1 C:\wamp64\www\SI25_Webgis_Rafli2\system\Database\BaseConnection.php(620): CodeIgniter\Database\BaseConnection->initialize()
#2 C:\wamp64\www\SI25_Webgis_Rafli2\system\Database\BaseBuilder.php(1649): CodeIgniter\Database\BaseConnection->query('SELECT *\nFROM `...', Array, false)
#3 C:\wamp64\www\SI25_Webgis_Rafli2\app\Models\ModelSetting.php(13): CodeIgniter\Database\BaseBuilder->get()
#4 C:\wamp64\www\SI25_Webgis_Rafli2\app\Controllers\Home.php(30): App\Models\ModelSetting->DataWeb()
#5 C:\wamp64\www\SI25_Webgis_Rafli2\system\CodeIgniter.php(933): App\Controllers\Home->index()
#6 C:\wamp64\www\SI25_Webgis_Rafli2\system\CodeIgniter.php(507): CodeIgniter\CodeIgniter->runController(Object(App\Controllers\Home))
#7 C:\wamp64\www\SI25_Webgis_Rafli2\system\CodeIgniter.php(354): CodeIgniter\CodeIgniter->handleRequest(NULL, Object(Config\Cache), false)
#8 C:\wamp64\www\SI25_Webgis_Rafli2\system\Boot.php(334): CodeIgniter\CodeIgniter->run()
#9 C:\wamp64\www\SI25_Webgis_Rafli2\system\Boot.php(67): CodeIgniter\Boot::runCodeIgniter(Object(CodeIgniter\CodeIgniter))
#10 C:\wamp64\www\SI25_Webgis_Rafli2\public\index.php(56): CodeIgniter\Boot::bootWeb(Object(Config\Paths))
#11 {main}
CRITICAL - 2026-01-22 08:37:49 --> CodeIgniter\Database\Exceptions\DatabaseException: Unable to connect to the database.
Main connection [MySQLi]: Unknown database 'db_gis_rumah'
[Method: GET, Route: /]
in SYSTEMPATH\Database\BaseConnection.php on line 467.
 1 SYSTEMPATH\Database\BaseConnection.php(620): CodeIgniter\Database\BaseConnection->initialize()
 2 SYSTEMPATH\Database\BaseBuilder.php(1649): CodeIgniter\Database\BaseConnection->query('SELECT *
FROM `tbl_setting`
WHERE `id` = :id:', [...], false)
 3 APPPATH\Models\ModelSetting.php(13): CodeIgniter\Database\BaseBuilder->get()
 4 APPPATH\Controllers\Home.php(30): App\Models\ModelSetting->DataWeb()
 5 SYSTEMPATH\CodeIgniter.php(933): App\Controllers\Home->index()
 6 SYSTEMPATH\CodeIgniter.php(507): CodeIgniter\CodeIgniter->runController(Object(App\Controllers\Home))
 7 SYSTEMPATH\CodeIgniter.php(354): CodeIgniter\CodeIgniter->handleRequest(null, Object(Config\Cache), false)
 8 SYSTEMPATH\Boot.php(334): CodeIgniter\CodeIgniter->run()
 9 SYSTEMPATH\Boot.php(67): CodeIgniter\Boot::runCodeIgniter(Object(CodeIgniter\CodeIgniter))
10 FCPATH\index.php(56): CodeIgniter\Boot::bootWeb(Object(Config\Paths))
ERROR - 2026-01-22 08:37:51 --> Error connecting to the database: mysqli_sql_exception: Unknown database 'db_gis_rumah' in C:\wamp64\www\SI25_Webgis_Rafli2\system\Database\MySQLi\Connection.php:201
Stack trace:
#0 C:\wamp64\www\SI25_Webgis_Rafli2\system\Database\MySQLi\Connection.php(201): mysqli->real_connect('localhost', 'root', Object(SensitiveParameterValue), 'db_gis_rumah', 3306, '', 0)
#1 C:\wamp64\www\SI25_Webgis_Rafli2\system\Database\BaseConnection.php(421): CodeIgniter\Database\MySQLi\Connection->connect(false)
#2 C:\wamp64\www\SI25_Webgis_Rafli2\system\Database\BaseConnection.php(620): CodeIgniter\Database\BaseConnection->initialize()
#3 C:\wamp64\www\SI25_Webgis_Rafli2\system\Database\BaseBuilder.php(1649): CodeIgniter\Database\BaseConnection->query('SELECT *\nFROM `...', Array, false)
#4 C:\wamp64\www\SI25_Webgis_Rafli2\app\Models\ModelSetting.php(13): CodeIgniter\Database\BaseBuilder->get()
#5 C:\wamp64\www\SI25_Webgis_Rafli2\app\Controllers\Home.php(30): App\Models\ModelSetting->DataWeb()
#6 C:\wamp64\www\SI25_Webgis_Rafli2\system\CodeIgniter.php(933): App\Controllers\Home->index()
#7 C:\wamp64\www\SI25_Webgis_Rafli2\system\CodeIgniter.php(507): CodeIgniter\CodeIgniter->runController(Object(App\Controllers\Home))
#8 C:\wamp64\www\SI25_Webgis_Rafli2\system\CodeIgniter.php(354): CodeIgniter\CodeIgniter->handleRequest(NULL, Object(Config\Cache), false)
#9 C:\wamp64\www\SI25_Webgis_Rafli2\system\Boot.php(334): CodeIgniter\CodeIgniter->run()
#10 C:\wamp64\www\SI25_Webgis_Rafli2\system\Boot.php(67): CodeIgniter\Boot::runCodeIgniter(Object(CodeIgniter\CodeIgniter))
#11 C:\wamp64\www\SI25_Webgis_Rafli2\public\index.php(56): CodeIgniter\Boot::bootWeb(Object(Config\Paths))
#12 {main}

Next CodeIgniter\Database\Exceptions\DatabaseException: Unknown database 'db_gis_rumah' in C:\wamp64\www\SI25_Webgis_Rafli2\system\Database\MySQLi\Connection.php:246
Stack trace:
#0 C:\wamp64\www\SI25_Webgis_Rafli2\system\Database\BaseConnection.php(421): CodeIgniter\Database\MySQLi\Connection->connect(false)
#1 C:\wamp64\www\SI25_Webgis_Rafli2\system\Database\BaseConnection.php(620): CodeIgniter\Database\BaseConnection->initialize()
#2 C:\wamp64\www\SI25_Webgis_Rafli2\system\Database\BaseBuilder.php(1649): CodeIgniter\Database\BaseConnection->query('SELECT *\nFROM `...', Array, false)
#3 C:\wamp64\www\SI25_Webgis_Rafli2\app\Models\ModelSetting.php(13): CodeIgniter\Database\BaseBuilder->get()
#4 C:\wamp64\www\SI25_Webgis_Rafli2\app\Controllers\Home.php(30): App\Models\ModelSetting->DataWeb()
#5 C:\wamp64\www\SI25_Webgis_Rafli2\system\CodeIgniter.php(933): App\Controllers\Home->index()
#6 C:\wamp64\www\SI25_Webgis_Rafli2\system\CodeIgniter.php(507): CodeIgniter\CodeIgniter->runController(Object(App\Controllers\Home))
#7 C:\wamp64\www\SI25_Webgis_Rafli2\system\CodeIgniter.php(354): CodeIgniter\CodeIgniter->handleRequest(NULL, Object(Config\Cache), false)
#8 C:\wamp64\www\SI25_Webgis_Rafli2\system\Boot.php(334): CodeIgniter\CodeIgniter->run()
#9 C:\wamp64\www\SI25_Webgis_Rafli2\system\Boot.php(67): CodeIgniter\Boot::runCodeIgniter(Object(CodeIgniter\CodeIgniter))
#10 C:\wamp64\www\SI25_Webgis_Rafli2\public\index.php(56): CodeIgniter\Boot::bootWeb(Object(Config\Paths))
#11 {main}
CRITICAL - 2026-01-22 08:37:51 --> CodeIgniter\Database\Exceptions\DatabaseException: Unable to connect to the database.
Main connection [MySQLi]: Unknown database 'db_gis_rumah'
[Method: GET, Route: /]
in SYSTEMPATH\Database\BaseConnection.php on line 467.
 1 SYSTEMPATH\Database\BaseConnection.php(620): CodeIgniter\Database\BaseConnection->initialize()
 2 SYSTEMPATH\Database\BaseBuilder.php(1649): CodeIgniter\Database\BaseConnection->query('SELECT *
FROM `tbl_setting`
WHERE `id` = :id:', [...], false)
 3 APPPATH\Models\ModelSetting.php(13): CodeIgniter\Database\BaseBuilder->get()
 4 APPPATH\Controllers\Home.php(30): App\Models\ModelSetting->DataWeb()
 5 SYSTEMPATH\CodeIgniter.php(933): App\Controllers\Home->index()
 6 SYSTEMPATH\CodeIgniter.php(507): CodeIgniter\CodeIgniter->runController(Object(App\Controllers\Home))
 7 SYSTEMPATH\CodeIgniter.php(354): CodeIgniter\CodeIgniter->handleRequest(null, Object(Config\Cache), false)
 8 SYSTEMPATH\Boot.php(334): CodeIgniter\CodeIgniter->run()
 9 SYSTEMPATH\Boot.php(67): CodeIgniter\Boot::runCodeIgniter(Object(CodeIgniter\CodeIgniter))
10 FCPATH\index.php(56): CodeIgniter\Boot::bootWeb(Object(Config\Paths))
ERROR - 2026-01-22 08:52:59 --> Error connecting to the database: mysqli_sql_exception: Unknown database 'db_gis_rumah' in C:\wamp64\www\SI25_Webgis_Rafli2\system\Database\MySQLi\Connection.php:201
Stack trace:
#0 C:\wamp64\www\SI25_Webgis_Rafli2\system\Database\MySQLi\Connection.php(201): mysqli->real_connect('localhost', 'root', Object(SensitiveParameterValue), 'db_gis_rumah', 3306, '', 0)
#1 C:\wamp64\www\SI25_Webgis_Rafli2\system\Database\BaseConnection.php(421): CodeIgniter\Database\MySQLi\Connection->connect(false)
#2 C:\wamp64\www\SI25_Webgis_Rafli2\system\Database\BaseConnection.php(620): CodeIgniter\Database\BaseConnection->initialize()
#3 C:\wamp64\www\SI25_Webgis_Rafli2\system\Database\BaseBuilder.php(1649): CodeIgniter\Database\BaseConnection->query('SELECT *\nFROM `...', Array, false)
#4 C:\wamp64\www\SI25_Webgis_Rafli2\app\Models\ModelSetting.php(13): CodeIgniter\Database\BaseBuilder->get()
#5 C:\wamp64\www\SI25_Webgis_Rafli2\app\Controllers\Home.php(30): App\Models\ModelSetting->DataWeb()
#6 C:\wamp64\www\SI25_Webgis_Rafli2\system\CodeIgniter.php(933): App\Controllers\Home->index()
#7 C:\wamp64\www\SI25_Webgis_Rafli2\system\CodeIgniter.php(507): CodeIgniter\CodeIgniter->runController(Object(App\Controllers\Home))
#8 C:\wamp64\www\SI25_Webgis_Rafli2\system\CodeIgniter.php(354): CodeIgniter\CodeIgniter->handleRequest(NULL, Object(Config\Cache), false)
#9 C:\wamp64\www\SI25_Webgis_Rafli2\system\Boot.php(334): CodeIgniter\CodeIgniter->run()
#10 C:\wamp64\www\SI25_Webgis_Rafli2\system\Boot.php(67): CodeIgniter\Boot::runCodeIgniter(Object(CodeIgniter\CodeIgniter))
#11 C:\wamp64\www\SI25_Webgis_Rafli2\public\index.php(56): CodeIgniter\Boot::bootWeb(Object(Config\Paths))
#12 {main}

Next CodeIgniter\Database\Exceptions\DatabaseException: Unknown database 'db_gis_rumah' in C:\wamp64\www\SI25_Webgis_Rafli2\system\Database\MySQLi\Connection.php:246
Stack trace:
#0 C:\wamp64\www\SI25_Webgis_Rafli2\system\Database\BaseConnection.php(421): CodeIgniter\Database\MySQLi\Connection->connect(false)
#1 C:\wamp64\www\SI25_Webgis_Rafli2\system\Database\BaseConnection.php(620): CodeIgniter\Database\BaseConnection->initialize()
#2 C:\wamp64\www\SI25_Webgis_Rafli2\system\Database\BaseBuilder.php(1649): CodeIgniter\Database\BaseConnection->query('SELECT *\nFROM `...', Array, false)
#3 C:\wamp64\www\SI25_Webgis_Rafli2\app\Models\ModelSetting.php(13): CodeIgniter\Database\BaseBuilder->get()
#4 C:\wamp64\www\SI25_Webgis_Rafli2\app\Controllers\Home.php(30): App\Models\ModelSetting->DataWeb()
#5 C:\wamp64\www\SI25_Webgis_Rafli2\system\CodeIgniter.php(933): App\Controllers\Home->index()
#6 C:\wamp64\www\SI25_Webgis_Rafli2\system\CodeIgniter.php(507): CodeIgniter\CodeIgniter->runController(Object(App\Controllers\Home))
#7 C:\wamp64\www\SI25_Webgis_Rafli2\system\CodeIgniter.php(354): CodeIgniter\CodeIgniter->handleRequest(NULL, Object(Config\Cache), false)
#8 C:\wamp64\www\SI25_Webgis_Rafli2\system\Boot.php(334): CodeIgniter\CodeIgniter->run()
#9 C:\wamp64\www\SI25_Webgis_Rafli2\system\Boot.php(67): CodeIgniter\Boot::runCodeIgniter(Object(CodeIgniter\CodeIgniter))
#10 C:\wamp64\www\SI25_Webgis_Rafli2\public\index.php(56): CodeIgniter\Boot::bootWeb(Object(Config\Paths))
#11 {main}
CRITICAL - 2026-01-22 08:52:59 --> CodeIgniter\Database\Exceptions\DatabaseException: Unable to connect to the database.
Main connection [MySQLi]: Unknown database 'db_gis_rumah'
[Method: GET, Route: /]
in SYSTEMPATH\Database\BaseConnection.php on line 467.
 1 SYSTEMPATH\Database\BaseConnection.php(620): CodeIgniter\Database\BaseConnection->initialize()
 2 SYSTEMPATH\Database\BaseBuilder.php(1649): CodeIgniter\Database\BaseConnection->query('SELECT *
FROM `tbl_setting`
WHERE `id` = :id:', [...], false)
 3 APPPATH\Models\ModelSetting.php(13): CodeIgniter\Database\BaseBuilder->get()
 4 APPPATH\Controllers\Home.php(30): App\Models\ModelSetting->DataWeb()
 5 SYSTEMPATH\CodeIgniter.php(933): App\Controllers\Home->index()
 6 SYSTEMPATH\CodeIgniter.php(507): CodeIgniter\CodeIgniter->runController(Object(App\Controllers\Home))
 7 SYSTEMPATH\CodeIgniter.php(354): CodeIgniter\CodeIgniter->handleRequest(null, Object(Config\Cache), false)
 8 SYSTEMPATH\Boot.php(334): CodeIgniter\CodeIgniter->run()
 9 SYSTEMPATH\Boot.php(67): CodeIgniter\Boot::runCodeIgniter(Object(CodeIgniter\CodeIgniter))
10 FCPATH\index.php(56): CodeIgniter\Boot::bootWeb(Object(Config\Paths))
ERROR - 2026-01-22 08:53:00 --> Error connecting to the database: mysqli_sql_exception: Unknown database 'db_gis_rumah' in C:\wamp64\www\SI25_Webgis_Rafli2\system\Database\MySQLi\Connection.php:201
Stack trace:
#0 C:\wamp64\www\SI25_Webgis_Rafli2\system\Database\MySQLi\Connection.php(201): mysqli->real_connect('localhost', 'root', Object(SensitiveParameterValue), 'db_gis_rumah', 3306, '', 0)
#1 C:\wamp64\www\SI25_Webgis_Rafli2\system\Database\BaseConnection.php(421): CodeIgniter\Database\MySQLi\Connection->connect(false)
#2 C:\wamp64\www\SI25_Webgis_Rafli2\system\Database\BaseConnection.php(620): CodeIgniter\Database\BaseConnection->initialize()
#3 C:\wamp64\www\SI25_Webgis_Rafli2\system\Database\BaseBuilder.php(1649): CodeIgniter\Database\BaseConnection->query('SELECT *\nFROM `...', Array, false)
#4 C:\wamp64\www\SI25_Webgis_Rafli2\app\Models\ModelSetting.php(13): CodeIgniter\Database\BaseBuilder->get()
#5 C:\wamp64\www\SI25_Webgis_Rafli2\app\Controllers\Home.php(30): App\Models\ModelSetting->DataWeb()
#6 C:\wamp64\www\SI25_Webgis_Rafli2\system\CodeIgniter.php(933): App\Controllers\Home->index()
#7 C:\wamp64\www\SI25_Webgis_Rafli2\system\CodeIgniter.php(507): CodeIgniter\CodeIgniter->runController(Object(App\Controllers\Home))
#8 C:\wamp64\www\SI25_Webgis_Rafli2\system\CodeIgniter.php(354): CodeIgniter\CodeIgniter->handleRequest(NULL, Object(Config\Cache), false)
#9 C:\wamp64\www\SI25_Webgis_Rafli2\system\Boot.php(334): CodeIgniter\CodeIgniter->run()
#10 C:\wamp64\www\SI25_Webgis_Rafli2\system\Boot.php(67): CodeIgniter\Boot::runCodeIgniter(Object(CodeIgniter\CodeIgniter))
#11 C:\wamp64\www\SI25_Webgis_Rafli2\public\index.php(56): CodeIgniter\Boot::bootWeb(Object(Config\Paths))
#12 {main}

Next CodeIgniter\Database\Exceptions\DatabaseException: Unknown database 'db_gis_rumah' in C:\wamp64\www\SI25_Webgis_Rafli2\system\Database\MySQLi\Connection.php:246
Stack trace:
#0 C:\wamp64\www\SI25_Webgis_Rafli2\system\Database\BaseConnection.php(421): CodeIgniter\Database\MySQLi\Connection->connect(false)
#1 C:\wamp64\www\SI25_Webgis_Rafli2\system\Database\BaseConnection.php(620): CodeIgniter\Database\BaseConnection->initialize()
#2 C:\wamp64\www\SI25_Webgis_Rafli2\system\Database\BaseBuilder.php(1649): CodeIgniter\Database\BaseConnection->query('SELECT *\nFROM `...', Array, false)
#3 C:\wamp64\www\SI25_Webgis_Rafli2\app\Models\ModelSetting.php(13): CodeIgniter\Database\BaseBuilder->get()
#4 C:\wamp64\www\SI25_Webgis_Rafli2\app\Controllers\Home.php(30): App\Models\ModelSetting->DataWeb()
#5 C:\wamp64\www\SI25_Webgis_Rafli2\system\CodeIgniter.php(933): App\Controllers\Home->index()
#6 C:\wamp64\www\SI25_Webgis_Rafli2\system\CodeIgniter.php(507): CodeIgniter\CodeIgniter->runController(Object(App\Controllers\Home))
#7 C:\wamp64\www\SI25_Webgis_Rafli2\system\CodeIgniter.php(354): CodeIgniter\CodeIgniter->handleRequest(NULL, Object(Config\Cache), false)
#8 C:\wamp64\www\SI25_Webgis_Rafli2\system\Boot.php(334): CodeIgniter\CodeIgniter->run()
#9 C:\wamp64\www\SI25_Webgis_Rafli2\system\Boot.php(67): CodeIgniter\Boot::runCodeIgniter(Object(CodeIgniter\CodeIgniter))
#10 C:\wamp64\www\SI25_Webgis_Rafli2\public\index.php(56): CodeIgniter\Boot::bootWeb(Object(Config\Paths))
#11 {main}
CRITICAL - 2026-01-22 08:53:00 --> CodeIgniter\Database\Exceptions\DatabaseException: Unable to connect to the database.
Main connection [MySQLi]: Unknown database 'db_gis_rumah'
[Method: GET, Route: /]
in SYSTEMPATH\Database\BaseConnection.php on line 467.
 1 SYSTEMPATH\Database\BaseConnection.php(620): CodeIgniter\Database\BaseConnection->initialize()
 2 SYSTEMPATH\Database\BaseBuilder.php(1649): CodeIgniter\Database\BaseConnection->query('SELECT *
FROM `tbl_setting`
WHERE `id` = :id:', [...], false)
 3 APPPATH\Models\ModelSetting.php(13): CodeIgniter\Database\BaseBuilder->get()
 4 APPPATH\Controllers\Home.php(30): App\Models\ModelSetting->DataWeb()
 5 SYSTEMPATH\CodeIgniter.php(933): App\Controllers\Home->index()
 6 SYSTEMPATH\CodeIgniter.php(507): CodeIgniter\CodeIgniter->runController(Object(App\Controllers\Home))
 7 SYSTEMPATH\CodeIgniter.php(354): CodeIgniter\CodeIgniter->handleRequest(null, Object(Config\Cache), false)
 8 SYSTEMPATH\Boot.php(334): CodeIgniter\CodeIgniter->run()
 9 SYSTEMPATH\Boot.php(67): CodeIgniter\Boot::runCodeIgniter(Object(CodeIgniter\CodeIgniter))
10 FCPATH\index.php(56): CodeIgniter\Boot::bootWeb(Object(Config\Paths))
ERROR - 2026-01-22 08:54:26 --> Error connecting to the database: mysqli_sql_exception: Unknown database 'db_gis_rumah' in C:\wamp64\www\gis-perumahan-ci4-adil\system\Database\MySQLi\Connection.php:201
Stack trace:
#0 C:\wamp64\www\gis-perumahan-ci4-adil\system\Database\MySQLi\Connection.php(201): mysqli->real_connect('localhost', 'root', Object(SensitiveParameterValue), 'db_gis_rumah', 3306, '', 0)
#1 C:\wamp64\www\gis-perumahan-ci4-adil\system\Database\BaseConnection.php(421): CodeIgniter\Database\MySQLi\Connection->connect(false)
#2 C:\wamp64\www\gis-perumahan-ci4-adil\system\Database\BaseConnection.php(620): CodeIgniter\Database\BaseConnection->initialize()
#3 C:\wamp64\www\gis-perumahan-ci4-adil\system\Database\BaseBuilder.php(1649): CodeIgniter\Database\BaseConnection->query('SELECT *\nFROM `...', Array, false)
#4 C:\wamp64\www\gis-perumahan-ci4-adil\app\Models\ModelSetting.php(13): CodeIgniter\Database\BaseBuilder->get()
#5 C:\wamp64\www\gis-perumahan-ci4-adil\app\Controllers\Home.php(30): App\Models\ModelSetting->DataWeb()
#6 C:\wamp64\www\gis-perumahan-ci4-adil\system\CodeIgniter.php(933): App\Controllers\Home->index()
#7 C:\wamp64\www\gis-perumahan-ci4-adil\system\CodeIgniter.php(507): CodeIgniter\CodeIgniter->runController(Object(App\Controllers\Home))
#8 C:\wamp64\www\gis-perumahan-ci4-adil\system\CodeIgniter.php(354): CodeIgniter\CodeIgniter->handleRequest(NULL, Object(Config\Cache), false)
#9 C:\wamp64\www\gis-perumahan-ci4-adil\system\Boot.php(334): CodeIgniter\CodeIgniter->run()
#10 C:\wamp64\www\gis-perumahan-ci4-adil\system\Boot.php(67): CodeIgniter\Boot::runCodeIgniter(Object(CodeIgniter\CodeIgniter))
#11 C:\wamp64\www\gis-perumahan-ci4-adil\public\index.php(56): CodeIgniter\Boot::bootWeb(Object(Config\Paths))
#12 {main}

Next CodeIgniter\Database\Exceptions\DatabaseException: Unknown database 'db_gis_rumah' in C:\wamp64\www\gis-perumahan-ci4-adil\system\Database\MySQLi\Connection.php:246
Stack trace:
#0 C:\wamp64\www\gis-perumahan-ci4-adil\system\Database\BaseConnection.php(421): CodeIgniter\Database\MySQLi\Connection->connect(false)
#1 C:\wamp64\www\gis-perumahan-ci4-adil\system\Database\BaseConnection.php(620): CodeIgniter\Database\BaseConnection->initialize()
#2 C:\wamp64\www\gis-perumahan-ci4-adil\system\Database\BaseBuilder.php(1649): CodeIgniter\Database\BaseConnection->query('SELECT *\nFROM `...', Array, false)
#3 C:\wamp64\www\gis-perumahan-ci4-adil\app\Models\ModelSetting.php(13): CodeIgniter\Database\BaseBuilder->get()
#4 C:\wamp64\www\gis-perumahan-ci4-adil\app\Controllers\Home.php(30): App\Models\ModelSetting->DataWeb()
#5 C:\wamp64\www\gis-perumahan-ci4-adil\system\CodeIgniter.php(933): App\Controllers\Home->index()
#6 C:\wamp64\www\gis-perumahan-ci4-adil\system\CodeIgniter.php(507): CodeIgniter\CodeIgniter->runController(Object(App\Controllers\Home))
#7 C:\wamp64\www\gis-perumahan-ci4-adil\system\CodeIgniter.php(354): CodeIgniter\CodeIgniter->handleRequest(NULL, Object(Config\Cache), false)
#8 C:\wamp64\www\gis-perumahan-ci4-adil\system\Boot.php(334): CodeIgniter\CodeIgniter->run()
#9 C:\wamp64\www\gis-perumahan-ci4-adil\system\Boot.php(67): CodeIgniter\Boot::runCodeIgniter(Object(CodeIgniter\CodeIgniter))
#10 C:\wamp64\www\gis-perumahan-ci4-adil\public\index.php(56): CodeIgniter\Boot::bootWeb(Object(Config\Paths))
#11 {main}
CRITICAL - 2026-01-22 08:54:26 --> CodeIgniter\Database\Exceptions\DatabaseException: Unable to connect to the database.
Main connection [MySQLi]: Unknown database 'db_gis_rumah'
[Method: GET, Route: /]
in SYSTEMPATH\Database\BaseConnection.php on line 467.
 1 SYSTEMPATH\Database\BaseConnection.php(620): CodeIgniter\Database\BaseConnection->initialize()
 2 SYSTEMPATH\Database\BaseBuilder.php(1649): CodeIgniter\Database\BaseConnection->query('SELECT *
FROM `tbl_setting`
WHERE `id` = :id:', [...], false)
 3 APPPATH\Models\ModelSetting.php(13): CodeIgniter\Database\BaseBuilder->get()
 4 APPPATH\Controllers\Home.php(30): App\Models\ModelSetting->DataWeb()
 5 SYSTEMPATH\CodeIgniter.php(933): App\Controllers\Home->index()
 6 SYSTEMPATH\CodeIgniter.php(507): CodeIgniter\CodeIgniter->runController(Object(App\Controllers\Home))
 7 SYSTEMPATH\CodeIgniter.php(354): CodeIgniter\CodeIgniter->handleRequest(null, Object(Config\Cache), false)
 8 SYSTEMPATH\Boot.php(334): CodeIgniter\CodeIgniter->run()
 9 SYSTEMPATH\Boot.php(67): CodeIgniter\Boot::runCodeIgniter(Object(CodeIgniter\CodeIgniter))
10 FCPATH\index.php(56): CodeIgniter\Boot::bootWeb(Object(Config\Paths))
ERROR - 2026-01-22 08:54:28 --> Error connecting to the database: mysqli_sql_exception: Unknown database 'db_gis_rumah' in C:\wamp64\www\gis-perumahan-ci4-adil\system\Database\MySQLi\Connection.php:201
Stack trace:
#0 C:\wamp64\www\gis-perumahan-ci4-adil\system\Database\MySQLi\Connection.php(201): mysqli->real_connect('localhost', 'root', Object(SensitiveParameterValue), 'db_gis_rumah', 3306, '', 0)
#1 C:\wamp64\www\gis-perumahan-ci4-adil\system\Database\BaseConnection.php(421): CodeIgniter\Database\MySQLi\Connection->connect(false)
#2 C:\wamp64\www\gis-perumahan-ci4-adil\system\Database\BaseConnection.php(620): CodeIgniter\Database\BaseConnection->initialize()
#3 C:\wamp64\www\gis-perumahan-ci4-adil\system\Database\BaseBuilder.php(1649): CodeIgniter\Database\BaseConnection->query('SELECT *\nFROM `...', Array, false)
#4 C:\wamp64\www\gis-perumahan-ci4-adil\app\Models\ModelSetting.php(13): CodeIgniter\Database\BaseBuilder->get()
#5 C:\wamp64\www\gis-perumahan-ci4-adil\app\Controllers\Home.php(30): App\Models\ModelSetting->DataWeb()
#6 C:\wamp64\www\gis-perumahan-ci4-adil\system\CodeIgniter.php(933): App\Controllers\Home->index()
#7 C:\wamp64\www\gis-perumahan-ci4-adil\system\CodeIgniter.php(507): CodeIgniter\CodeIgniter->runController(Object(App\Controllers\Home))
#8 C:\wamp64\www\gis-perumahan-ci4-adil\system\CodeIgniter.php(354): CodeIgniter\CodeIgniter->handleRequest(NULL, Object(Config\Cache), false)
#9 C:\wamp64\www\gis-perumahan-ci4-adil\system\Boot.php(334): CodeIgniter\CodeIgniter->run()
#10 C:\wamp64\www\gis-perumahan-ci4-adil\system\Boot.php(67): CodeIgniter\Boot::runCodeIgniter(Object(CodeIgniter\CodeIgniter))
#11 C:\wamp64\www\gis-perumahan-ci4-adil\public\index.php(56): CodeIgniter\Boot::bootWeb(Object(Config\Paths))
#12 {main}

Next CodeIgniter\Database\Exceptions\DatabaseException: Unknown database 'db_gis_rumah' in C:\wamp64\www\gis-perumahan-ci4-adil\system\Database\MySQLi\Connection.php:246
Stack trace:
#0 C:\wamp64\www\gis-perumahan-ci4-adil\system\Database\BaseConnection.php(421): CodeIgniter\Database\MySQLi\Connection->connect(false)
#1 C:\wamp64\www\gis-perumahan-ci4-adil\system\Database\BaseConnection.php(620): CodeIgniter\Database\BaseConnection->initialize()
#2 C:\wamp64\www\gis-perumahan-ci4-adil\system\Database\BaseBuilder.php(1649): CodeIgniter\Database\BaseConnection->query('SELECT *\nFROM `...', Array, false)
#3 C:\wamp64\www\gis-perumahan-ci4-adil\app\Models\ModelSetting.php(13): CodeIgniter\Database\BaseBuilder->get()
#4 C:\wamp64\www\gis-perumahan-ci4-adil\app\Controllers\Home.php(30): App\Models\ModelSetting->DataWeb()
#5 C:\wamp64\www\gis-perumahan-ci4-adil\system\CodeIgniter.php(933): App\Controllers\Home->index()
#6 C:\wamp64\www\gis-perumahan-ci4-adil\system\CodeIgniter.php(507): CodeIgniter\CodeIgniter->runController(Object(App\Controllers\Home))
#7 C:\wamp64\www\gis-perumahan-ci4-adil\system\CodeIgniter.php(354): CodeIgniter\CodeIgniter->handleRequest(NULL, Object(Config\Cache), false)
#8 C:\wamp64\www\gis-perumahan-ci4-adil\system\Boot.php(334): CodeIgniter\CodeIgniter->run()
#9 C:\wamp64\www\gis-perumahan-ci4-adil\system\Boot.php(67): CodeIgniter\Boot::runCodeIgniter(Object(CodeIgniter\CodeIgniter))
#10 C:\wamp64\www\gis-perumahan-ci4-adil\public\index.php(56): CodeIgniter\Boot::bootWeb(Object(Config\Paths))
#11 {main}
CRITICAL - 2026-01-22 08:54:28 --> CodeIgniter\Database\Exceptions\DatabaseException: Unable to connect to the database.
Main connection [MySQLi]: Unknown database 'db_gis_rumah'
[Method: GET, Route: /]
in SYSTEMPATH\Database\BaseConnection.php on line 467.
 1 SYSTEMPATH\Database\BaseConnection.php(620): CodeIgniter\Database\BaseConnection->initialize()
 2 SYSTEMPATH\Database\BaseBuilder.php(1649): CodeIgniter\Database\BaseConnection->query('SELECT *
FROM `tbl_setting`
WHERE `id` = :id:', [...], false)
 3 APPPATH\Models\ModelSetting.php(13): CodeIgniter\Database\BaseBuilder->get()
 4 APPPATH\Controllers\Home.php(30): App\Models\ModelSetting->DataWeb()
 5 SYSTEMPATH\CodeIgniter.php(933): App\Controllers\Home->index()
 6 SYSTEMPATH\CodeIgniter.php(507): CodeIgniter\CodeIgniter->runController(Object(App\Controllers\Home))
 7 SYSTEMPATH\CodeIgniter.php(354): CodeIgniter\CodeIgniter->handleRequest(null, Object(Config\Cache), false)
 8 SYSTEMPATH\Boot.php(334): CodeIgniter\CodeIgniter->run()
 9 SYSTEMPATH\Boot.php(67): CodeIgniter\Boot::runCodeIgniter(Object(CodeIgniter\CodeIgniter))
10 FCPATH\index.php(56): CodeIgniter\Boot::bootWeb(Object(Config\Paths))
DEBUG - 2026-01-22 08:58:03 --> Session: Class initialized using 'CodeIgniter\Session\Handlers\FileHandler' driver.
DEBUG - 2026-01-22 08:58:48 --> Session: Class initialized using 'CodeIgniter\Session\Handlers\FileHandler' driver.
DEBUG - 2026-01-22 09:05:16 --> Session: Class initialized using 'CodeIgniter\Session\Handlers\FileHandler' driver.
DEBUG - 2026-01-22 10:05:53 --> Session: Class initialized using 'CodeIgniter\Session\Handlers\FileHandler' driver.
DEBUG - 2026-01-22 10:05:58 --> Session: Class initialized using 'CodeIgniter\Session\Handlers\FileHandler' driver.
DEBUG - 2026-01-22 10:06:00 --> Session: Class initialized using 'CodeIgniter\Session\Handlers\FileHandler' driver.
DEBUG - 2026-01-22 10:06:16 --> Session: Class initialized using 'CodeIgniter\Session\Handlers\FileHandler' driver.
DEBUG - 2026-01-22 10:06:26 --> Session: Class initialized using 'CodeIgniter\Session\Handlers\FileHandler' driver.
DEBUG - 2026-01-22 10:09:46 --> Session: Class initialized using 'CodeIgniter\Session\Handlers\FileHandler' driver.
DEBUG - 2026-01-22 10:10:03 --> Session: Class initialized using 'CodeIgniter\Session\Handlers\FileHandler' driver.
DEBUG - 2026-01-22 10:38:04 --> Session: Class initialized using 'CodeIgniter\Session\Handlers\FileHandler' driver.
DEBUG - 2026-01-22 10:45:53 --> Session: Class initialized using 'CodeIgniter\Session\Handlers\FileHandler' driver.
DEBUG - 2026-01-22 10:46:00 --> Session: Class initialized using 'CodeIgniter\Session\Handlers\FileHandler' driver.
DEBUG - 2026-01-22 10:46:52 --> Session: Class initialized using 'CodeIgniter\Session\Handlers\FileHandler' driver.
DEBUG - 2026-01-22 10:46:53 --> Session: Class initialized using 'CodeIgniter\Session\Handlers\FileHandler' driver.
DEBUG - 2026-01-22 10:47:12 --> Session: Class initialized using 'CodeIgniter\Session\Handlers\FileHandler' driver.
DEBUG - 2026-01-22 10:47:54 --> Session: Class initialized using 'CodeIgniter\Session\Handlers\FileHandler' driver.
DEBUG - 2026-01-22 10:56:51 --> Session: Class initialized using 'CodeIgniter\Session\Handlers\FileHandler' driver.
